BL51 BANKED LINKER/LOCATER V6.22.2.0                                                    11/07/2021  14:07:29  PAGE 1


BL51 BANKED LINKER/LOCATER V6.22.2.0, INVOKED BY:
D:\KEIL\C51\BIN\BL51.EXE .\Objects\STARTUP.obj, .\Objects\main.obj TO .\Objects\test PRINT (.\Listings\test.m51) RAMSIZE
>>  (256)


MEMORY MODEL: SMALL


INPUT MODULES INCLUDED:
  .\Objects\STARTUP.obj (?C_STARTUP)
  .\Objects\main.obj (MAIN)
  D:\KEIL\C51\LIB\C51S.LIB (?C_INIT)


LINK MAP OF MODULE:  .\Objects\test (?C_STARTUP)


            TYPE    BASE      LENGTH    RELOCATION   SEGMENT NAME
            -----------------------------------------------------

            * * * * * * *   D A T A   M E M O R Y   * * * * * * *
            REG     0000H     0008H     ABSOLUTE     "REG BANK 0"
            DATA    0008H     0002H     UNIT         ?DT?MAIN
            IDATA   000AH     0001H     UNIT         ?STACK

            * * * * * * *   C O D E   M E M O R Y   * * * * * * *
            CODE    0000H     0003H     ABSOLUTE     
                    0003H     0008H                  *** GAP ***
            CODE    000BH     0003H     ABSOLUTE     
                    000EH     07F2H                  *** GAP ***
            CODE    0800H     008CH     UNIT         ?C_C51STARTUP
            CODE    088CH     002CH     UNIT         ?PR?TIME0_INIT?MAIN
            CODE    08B8H     0017H     UNIT         ?PR?MAIN?MAIN
            CODE    08CFH     0013H     UNIT         ?PR?TIMES0_INIT?MAIN
            CODE    08E2H     000EH     UNIT         ?PR?DELAY1S?MAIN
            CODE    08F0H     0004H     UNIT         ?C_INITSEG



OVERLAY MAP OF MODULE:   .\Objects\test (?C_STARTUP)


SEGMENT
  +--> CALLED SEGMENT
---------------------
?C_C51STARTUP
  +--> ?PR?MAIN?MAIN
  +--> ?C_INITSEG

?PR?MAIN?MAIN
  +--> ?PR?TIMES0_INIT?MAIN
  +--> ?PR?DELAY1S?MAIN



SYMBOL TABLE OF MODULE:  .\Objects\test (?C_STARTUP)

  VALUE           TYPE          NAME
BL51 BANKED LINKER/LOCATER V6.22.2.0                                                  11/07/2021  14:07:29  PAGE 2


  ----------------------------------

  -------         MODULE        ?C_STARTUP
  C:0800H         SEGMENT       ?C_C51STARTUP
  I:000AH         SEGMENT       ?STACK
  C:0000H         PUBLIC        ?C_STARTUP
  D:00E0H         SYMBOL        ACC
  D:00F0H         SYMBOL        B
  D:0083H         SYMBOL        DPH
  D:0082H         SYMBOL        DPL
  N:0000H         SYMBOL        IBPSTACK
  N:0100H         SYMBOL        IBPSTACKTOP
  N:0080H         SYMBOL        IDATALEN
  C:0803H         SYMBOL        IDATALOOP
  N:0000H         SYMBOL        PBPSTACK
  N:0100H         SYMBOL        PBPSTACKTOP
  N:0000H         SYMBOL        PDATALEN
  N:0000H         SYMBOL        PDATASTART
  N:0000H         SYMBOL        PPAGE
  N:0000H         SYMBOL        PPAGEENABLE
  D:00A0H         SYMBOL        PPAGE_SFR
  D:0081H         SYMBOL        SP
  C:0800H         SYMBOL        STARTUP1
  N:0000H         SYMBOL        XBPSTACK
  N:0000H         SYMBOL        XBPSTACKTOP
  N:0000H         SYMBOL        XDATALEN
  N:0000H         SYMBOL        XDATASTART
  C:0000H         LINE#         126
  C:0800H         LINE#         133
  C:0802H         LINE#         134
  C:0803H         LINE#         135
  C:0804H         LINE#         136
  C:0806H         LINE#         185
  C:0809H         LINE#         196
  -------         ENDMOD        ?C_STARTUP

  -------         MODULE        MAIN
  C:0000H         SYMBOL        _ICE_DUMMY_
  D:0090H         PUBLIC        P1
  D:00B0H         PUBLIC        P3
  B:00A8H.7       PUBLIC        EA
  D:00A8H         PUBLIC        IE
  D:00B8H         PUBLIC        IP
  C:08B8H         PUBLIC        main
  D:0008H         PUBLIC        count
  D:0098H         PUBLIC        SCON
  D:0089H         PUBLIC        TMOD
  D:0088H         PUBLIC        TCON
  C:08E2H         PUBLIC        delay1s
  C:088CH         PUBLIC        Time0_Init
  B:00A8H.1       PUBLIC        ET0
  C:08CFH         PUBLIC        times0_Init
  D:008CH         PUBLIC        TH0
  D:008AH         PUBLIC        TL0
  D:0009H         PUBLIC        times1
  B:0088H.4       PUBLIC        TR0
  D:00C8H         PUBLIC        T2CON
BL51 BANKED LINKER/LOCATER V6.22.2.0                                                  11/07/2021  14:07:29  PAGE 3


  B:00B0H.7       PUBLIC        PWM
  D:00D0H         PUBLIC        PSW
  -------         PROC          DELAY1S
  -------         DO            
  D:0005H         SYMBOL        a
  D:0006H         SYMBOL        b
  D:0007H         SYMBOL        c
  -------         ENDDO         
  C:08E2H         LINE#         8
  C:08E2H         LINE#         9
  C:08E2H         LINE#         11
  C:08E4H         LINE#         12
  C:08E6H         LINE#         13
  C:08EEH         LINE#         14
  C:08EFH         LINE#         15
  -------         ENDPROC       DELAY1S
  -------         PROC          TIMES0_INIT
  C:08CFH         LINE#         17
  C:08CFH         LINE#         18
  C:08CFH         LINE#         19
  C:08D2H         LINE#         20
  C:08D5H         LINE#         22
  C:08D8H         LINE#         23
  C:08DBH         LINE#         25
  C:08DDH         LINE#         26
  C:08DFH         LINE#         27
  C:08E1H         LINE#         28
  -------         ENDPROC       TIMES0_INIT
  -------         PROC          TIME0_INIT
  C:088CH         LINE#         30
  C:0890H         LINE#         32
  C:0892H         LINE#         33
  C:0895H         LINE#         34
  C:0898H         LINE#         36
  C:089FH         LINE#         37
  C:089FH         LINE#         38
  C:08A1H         LINE#         39
  C:08A3H         LINE#         41
  C:08A3H         LINE#         42
  C:08A5H         LINE#         43
  C:08A5H         LINE#         44
  C:08A7H         LINE#         45
  C:08AEH         LINE#         46
  C:08AEH         LINE#         47
  C:08B1H         LINE#         48
  C:08B1H         LINE#         49
  C:08B3H         LINE#         50
  -------         ENDPROC       TIME0_INIT
  -------         PROC          MAIN
  C:08B8H         LINE#         52
  C:08B8H         LINE#         53
  C:08B8H         LINE#         54
  C:08BBH         LINE#         55
  C:08BBH         LINE#         56
  C:08BBH         LINE#         57
  C:08BEH         LINE#         58
  C:08C1H         LINE#         59
BL51 BANKED LINKER/LOCATER V6.22.2.0                                                  11/07/2021  14:07:29  PAGE 4


  C:08C4H         LINE#         60
  C:08C7H         LINE#         61
  C:08CAH         LINE#         62
  C:08CDH         LINE#         63
  -------         ENDPROC       MAIN
  -------         ENDMOD        MAIN

******************************************************************************
* RESTRICTED VERSION WITH 0800H BYTE CODE SIZE LIMIT; USED: 0079H BYTE ( 5%) *
******************************************************************************

Program Size: data=11.0 xdata=0 code=250
LINK/LOCATE RUN COMPLETE.  0 WARNING(S),  0 ERROR(S)
